Archive member included to satisfy reference by file (symbol)

C:/ESP8266/ESP8266_2018_12_04/csro/build/bootloader/main\libmain.a(bootloader_start.o)
                              (call_start_cpu)
C:/ESP8266/ESP8266_2018_12_04/csro/build/bootloader/bootloader_support\libbootloader_support.a(bootloader_utility.o)
                              C:/ESP8266/ESP8266_2018_12_04/csro/build/bootloader/main\libmain.a(bootloader_start.o) (bootloader_utility_load_partition_table)
C:/ESP8266/ESP8266_2018_12_04/csro/build/bootloader/bootloader_support\libbootloader_support.a(bootloader_init.o)
                              C:/ESP8266/ESP8266_2018_12_04/csro/build/bootloader/main\libmain.a(bootloader_start.o) (bootloader_init)
C:/ESP8266/ESP8266_2018_12_04/csro/build/bootloader/bootloader_support\libbootloader_support.a(bootloader_flash.o)
                              C:/ESP8266/ESP8266_2018_12_04/csro/build/bootloader/bootloader_support\libbootloader_support.a(bootloader_utility.o) (bootloader_mmap)
C:/ESP8266/ESP8266_2018_12_04/csro/build/bootloader/bootloader_support\libbootloader_support.a(esp_image_format.o)
                              C:/ESP8266/ESP8266_2018_12_04/csro/build/bootloader/bootloader_support\libbootloader_support.a(bootloader_utility.o) (esp_image_load)
C:/ESP8266/ESP8266_2018_12_04/csro/build/bootloader/bootloader_support\libbootloader_support.a(flash_partitions.o)
                              C:/ESP8266/ESP8266_2018_12_04/csro/build/bootloader/bootloader_support\libbootloader_support.a(bootloader_utility.o) (esp_partition_table_basic_verify)
C:/ESP8266/ESP8266_2018_12_04/csro/build/bootloader/bootloader_support\libbootloader_support.a(bootloader_common.o)
                              C:/ESP8266/ESP8266_2018_12_04/csro/build/bootloader/bootloader_support\libbootloader_support.a(bootloader_utility.o) (bootloader_common_ota_select_valid)
C:/ESP8266/ESP8266_2018_12_04/csro/build/bootloader/bootloader_support\libbootloader_support.a(bootloader_sha.o)
                              C:/ESP8266/ESP8266_2018_12_04/csro/build/bootloader/bootloader_support\libbootloader_support.a(esp_image_format.o) (bootloader_sha256_start)
C:/ESP8266/ESP8266_2018_12_04/csro/build/bootloader/spi_flash\libspi_flash.a(spi_flash.o)
                              C:/ESP8266/ESP8266_2018_12_04/csro/build/bootloader/bootloader_support\libbootloader_support.a(bootloader_init.o) (esp_spi_flash_init)
C:/ESP8266/ESP8266_2018_12_04/csro/build/bootloader/spi_flash\libspi_flash.a(spi_flash_raw.o)
                              C:/ESP8266/ESP8266_2018_12_04/csro/build/bootloader/spi_flash\libspi_flash.a(spi_flash.o) (spi_flash_get_id_raw)
C:/ESP8266/ESP8266_2018_12_04/csro/build/bootloader/util\libutil.a(crc.o)
                              C:/ESP8266/ESP8266_2018_12_04/csro/build/bootloader/bootloader_support\libbootloader_support.a(bootloader_common.o) (crc32_le)
c:/esp8266/msys32/opt/xtensa-lx106-elf/bin/../lib/gcc/xtensa-lx106-elf/5.2.0\libgcc.a(_udivsi3.o)
                              C:/ESP8266/ESP8266_2018_12_04/csro/build/bootloader/spi_flash\libspi_flash.a(spi_flash.o) (__udivsi3)
c:/esp8266/msys32/opt/xtensa-lx106-elf/bin/../lib/gcc/xtensa-lx106-elf/5.2.0\libgcc.a(_umodsi3.o)
                              C:/ESP8266/ESP8266_2018_12_04/csro/build/bootloader/bootloader_support\libbootloader_support.a(bootloader_utility.o) (__umodsi3)

Allocating common symbols
Common symbol       size              file

esp_image_spi_freq_t
                    0x4               C:/ESP8266/ESP8266_2018_12_04/csro/build/bootloader/main\libmain.a(bootloader_start.o)

Discarded input sections

 .text          0x00000000        0x0 C:/ESP8266/ESP8266_2018_12_04/csro/build/bootloader/main\libmain.a(bootloader_start.o)
 .data          0x00000000        0x0 C:/ESP8266/ESP8266_2018_12_04/csro/build/bootloader/main\libmain.a(bootloader_start.o)
 .bss           0x00000000        0x0 C:/ESP8266/ESP8266_2018_12_04/csro/build/bootloader/main\libmain.a(bootloader_start.o)
 .xt.lit        0x00000000       0x18 C:/ESP8266/ESP8266_2018_12_04/csro/build/bootloader/main\libmain.a(bootloader_start.o)
 .xt.prop       0x00000000       0xe4 C:/ESP8266/ESP8266_2018_12_04/csro/build/bootloader/main\libmain.a(bootloader_start.o)
 COMMON         0x00000000        0x4 C:/ESP8266/ESP8266_2018_12_04/csro/build/bootloader/main\libmain.a(bootloader_start.o)
 .text          0x00000000        0x0 C:/ESP8266/ESP8266_2018_12_04/csro/build/bootloader/bootloader_support\libbootloader_support.a(bootloader_utility.o)
 .data          0x00000000        0x0 C:/ESP8266/ESP8266_2018_12_04/csro/build/bootloader/bootloader_support\libbootloader_support.a(bootloader_utility.o)
 .bss           0x00000000        0x0 C:/ESP8266/ESP8266_2018_12_04/csro/build/bootloader/bootloader_support\libbootloader_support.a(bootloader_utility.o)
 .xt.lit        0x00000000       0x28 C:/ESP8266/ESP8266_2018_12_04/csro/build/bootloader/bootloader_support\libbootloader_support.a(bootloader_utility.o)
 .xt.prop       0x00000000      0x3e4 C:/ESP8266/ESP8266_2018_12_04/csro/build/bootloader/bootloader_support\libbootloader_support.a(bootloader_utility.o)
 .text          0x00000000        0x0 C:/ESP8266/ESP8266_2018_12_04/csro/build/bootloader/bootloader_support\libbootloader_support.a(bootloader_init.o)
 .data          0x00000000        0x0 C:/ESP8266/ESP8266_2018_12_04/csro/build/bootloader/bootloader_support\libbootloader_support.a(bootloader_init.o)
 .bss           0x00000000        0x0 C:/ESP8266/ESP8266_2018_12_04/csro/build/bootloader/bootloader_support\libbootloader_support.a(bootloader_init.o)
 .xt.lit        0x00000000       0x20 C:/ESP8266/ESP8266_2018_12_04/csro/build/bootloader/bootloader_support\libbootloader_support.a(bootloader_init.o)
 .xt.prop       0x00000000       0xe4 C:/ESP8266/ESP8266_2018_12_04/csro/build/bootloader/bootloader_support\libbootloader_support.a(bootloader_init.o)
 .literal.bootloader_flash_write
                0x00000000        0xc C:/ESP8266/ESP8266_2018_12_04/csro/build/bootloader/bootloader_support\libbootloader_support.a(bootloader_flash.o)
 .literal.bootloader_flash_erase_sector
                0x00000000        0x4 C:/ESP8266/ESP8266_2018_12_04/csro/build/bootloader/bootloader_support\libbootloader_support.a(bootloader_flash.o)
 .text          0x00000000        0x0 C:/ESP8266/ESP8266_2018_12_04/csro/build/bootloader/bootloader_support\libbootloader_support.a(bootloader_flash.o)
 .data          0x00000000        0x0 C:/ESP8266/ESP8266_2018_12_04/csro/build/bootloader/bootloader_support\libbootloader_support.a(bootloader_flash.o)
 .bss           0x00000000        0x0 C:/ESP8266/ESP8266_2018_12_04/csro/build/bootloader/bootloader_support\libbootloader_support.a(bootloader_flash.o)
 .text.bootloader_flash_write
                0x00000000       0x69 C:/ESP8266/ESP8266_2018_12_04/csro/build/bootloader/bootloader_support\libbootloader_support.a(bootloader_flash.o)
 .text.bootloader_flash_erase_sector
                0x00000000       0x15 C:/ESP8266/ESP8266_2018_12_04/csro/build/bootloader/bootloader_support\libbootloader_support.a(bootloader_flash.o)
 .xt.lit        0x00000000       0x30 C:/ESP8266/ESP8266_2018_12_04/csro/build/bootloader/bootloader_support\libbootloader_support.a(bootloader_flash.o)
 .xt.prop       0x00000000      0x204 C:/ESP8266/ESP8266_2018_12_04/csro/build/bootloader/bootloader_support\libbootloader_support.a(bootloader_flash.o)
 .literal.esp_image_verify_bootloader
                0x00000000        0x8 C:/ESP8266/ESP8266_2018_12_04/csro/build/bootloader/bootloader_support\libbootloader_support.a(esp_image_format.o)
 .text          0x00000000        0x0 C:/ESP8266/ESP8266_2018_12_04/csro/build/bootloader/bootloader_support\libbootloader_support.a(esp_image_format.o)
 .data          0x00000000        0x0 C:/ESP8266/ESP8266_2018_12_04/csro/build/bootloader/bootloader_support\libbootloader_support.a(esp_image_format.o)
 .bss           0x00000000        0x0 C:/ESP8266/ESP8266_2018_12_04/csro/build/bootloader/bootloader_support\libbootloader_support.a(esp_image_format.o)
 .text.esp_image_verify_bootloader
                0x00000000       0x41 C:/ESP8266/ESP8266_2018_12_04/csro/build/bootloader/bootloader_support\libbootloader_support.a(esp_image_format.o)
 .xt.lit        0x00000000       0x48 C:/ESP8266/ESP8266_2018_12_04/csro/build/bootloader/bootloader_support\libbootloader_support.a(esp_image_format.o)
 .xt.prop       0x00000000      0x42c C:/ESP8266/ESP8266_2018_12_04/csro/build/bootloader/bootloader_support\libbootloader_support.a(esp_image_format.o)
 .text          0x00000000        0x0 C:/ESP8266/ESP8266_2018_12_04/csro/build/bootloader/bootloader_support\libbootloader_support.a(flash_partitions.o)
 .data          0x00000000        0x0 C:/ESP8266/ESP8266_2018_12_04/csro/build/bootloader/bootloader_support\libbootloader_support.a(flash_partitions.o)
 .bss           0x00000000        0x0 C:/ESP8266/ESP8266_2018_12_04/csro/build/bootloader/bootloader_support\libbootloader_support.a(flash_partitions.o)
 .xt.lit        0x00000000        0x8 C:/ESP8266/ESP8266_2018_12_04/csro/build/bootloader/bootloader_support\libbootloader_support.a(flash_partitions.o)
 .xt.prop       0x00000000       0xd8 C:/ESP8266/ESP8266_2018_12_04/csro/build/bootloader/bootloader_support\libbootloader_support.a(flash_partitions.o)
 .text          0x00000000        0x0 C:/ESP8266/ESP8266_2018_12_04/csro/build/bootloader/bootloader_support\libbootloader_support.a(bootloader_common.o)
 .data          0x00000000        0x0 C:/ESP8266/ESP8266_2018_12_04/csro/build/bootloader/bootloader_support\libbootloader_support.a(bootloader_common.o)
 .bss           0x00000000        0x0 C:/ESP8266/ESP8266_2018_12_04/csro/build/bootloader/bootloader_support\libbootloader_support.a(bootloader_common.o)
 .xt.lit        0x00000000       0x10 C:/ESP8266/ESP8266_2018_12_04/csro/build/bootloader/bootloader_support\libbootloader_support.a(bootloader_common.o)
 .xt.prop       0x00000000       0x90 C:/ESP8266/ESP8266_2018_12_04/csro/build/bootloader/bootloader_support\libbootloader_support.a(bootloader_common.o)
 .text          0x00000000        0x0 C:/ESP8266/ESP8266_2018_12_04/csro/build/bootloader/bootloader_support\libbootloader_support.a(bootloader_sha.o)
 .data          0x00000000        0x0 C:/ESP8266/ESP8266_2018_12_04/csro/build/bootloader/bootloader_support\libbootloader_support.a(bootloader_sha.o)
 .bss           0x00000000        0x0 C:/ESP8266/ESP8266_2018_12_04/csro/build/bootloader/bootloader_support\libbootloader_support.a(bootloader_sha.o)
 .xt.lit        0x00000000       0x20 C:/ESP8266/ESP8266_2018_12_04/csro/build/bootloader/bootloader_support\libbootloader_support.a(bootloader_sha.o)
 .xt.prop       0x00000000      0x1a4 C:/ESP8266/ESP8266_2018_12_04/csro/build/bootloader/bootloader_support\libbootloader_support.a(bootloader_sha.o)
 .literal.spi_flash_program
                0x00000000       0x20 C:/ESP8266/ESP8266_2018_12_04/csro/build/bootloader/spi_flash\libspi_flash.a(spi_flash.o)
 .literal.__spi_flash_write
                0x00000000        0x8 C:/ESP8266/ESP8266_2018_12_04/csro/build/bootloader/spi_flash\libspi_flash.a(spi_flash.o)
 .literal.__spi_flash_read
                0x00000000       0x10 C:/ESP8266/ESP8266_2018_12_04/csro/build/bootloader/spi_flash\libspi_flash.a(spi_flash.o)
 .literal.spi_flash_write_status
                0x00000000        0xc C:/ESP8266/ESP8266_2018_12_04/csro/build/bootloader/spi_flash\libspi_flash.a(spi_flash.o)
 .literal.spi_flash_check_wr_protect
                0x00000000       0x4c C:/ESP8266/ESP8266_2018_12_04/csro/build/bootloader/spi_flash\libspi_flash.a(spi_flash.o)
 .literal.spi_flash_erase_sector
                0x00000000       0x18 C:/ESP8266/ESP8266_2018_12_04/csro/build/bootloader/spi_flash\libspi_flash.a(spi_flash.o)
 .literal.spi_flash_read
                0x00000000       0x24 C:/ESP8266/ESP8266_2018_12_04/csro/build/bootloader/spi_flash\libspi_flash.a(spi_flash.o)
 .literal.spi_flash_write
                0x00000000       0x3c C:/ESP8266/ESP8266_2018_12_04/csro/build/bootloader/spi_flash\libspi_flash.a(spi_flash.o)
 .literal.spi_flash_erase_range
                0x00000000       0x10 C:/ESP8266/ESP8266_2018_12_04/csro/build/bootloader/spi_flash\libspi_flash.a(spi_flash.o)
 .text          0x00000000        0x0 C:/ESP8266/ESP8266_2018_12_04/csro/build/bootloader/spi_flash\libspi_flash.a(spi_flash.o)
 .data          0x00000000        0x0 C:/ESP8266/ESP8266_2018_12_04/csro/build/bootloader/spi_flash\libspi_flash.a(spi_flash.o)
 .bss           0x00000000        0x0 C:/ESP8266/ESP8266_2018_12_04/csro/build/bootloader/spi_flash\libspi_flash.a(spi_flash.o)
 .text.spi_flash_program
                0x00000000       0xcb C:/ESP8266/ESP8266_2018_12_04/csro/build/bootloader/spi_flash\libspi_flash.a(spi_flash.o)
 .text.__spi_flash_write
                0x00000000       0x23 C:/ESP8266/ESP8266_2018_12_04/csro/build/bootloader/spi_flash\libspi_flash.a(spi_flash.o)
 .text.__spi_flash_read
                0x00000000       0x31 C:/ESP8266/ESP8266_2018_12_04/csro/build/bootloader/spi_flash\libspi_flash.a(spi_flash.o)
 .text.spi_flash_write_status
                0x00000000       0x2a C:/ESP8266/ESP8266_2018_12_04/csro/build/bootloader/spi_flash\libspi_flash.a(spi_flash.o)
 .text.spi_flash_check_wr_protect
                0x00000000      0x161 C:/ESP8266/ESP8266_2018_12_04/csro/build/bootloader/spi_flash\libspi_flash.a(spi_flash.o)
 .text.spi_flash_erase_sector
                0x00000000       0x56 C:/ESP8266/ESP8266_2018_12_04/csro/build/bootloader/spi_flash\libspi_flash.a(spi_flash.o)
 .text.spi_flash_read
                0x00000000      0x110 C:/ESP8266/ESP8266_2018_12_04/csro/build/bootloader/spi_flash\libspi_flash.a(spi_flash.o)
 .text.spi_flash_write
                0x00000000      0x170 C:/ESP8266/ESP8266_2018_12_04/csro/build/bootloader/spi_flash\libspi_flash.a(spi_flash.o)
 .text.spi_flash_erase_range
                0x00000000       0x6d C:/ESP8266/ESP8266_2018_12_04/csro/build/bootloader/spi_flash\libspi_flash.a(spi_flash.o)
 .xt.lit        0x00000000       0xc0 C:/ESP8266/ESP8266_2018_12_04/csro/build/bootloader/spi_flash\libspi_flash.a(spi_flash.o)
 .xt.prop       0x00000000      0xb1c C:/ESP8266/ESP8266_2018_12_04/csro/build/bootloader/spi_flash\libspi_flash.a(spi_flash.o)
 .literal.spi_flash_write_status_raw
                0x00000000       0x1c C:/ESP8266/ESP8266_2018_12_04/csro/build/bootloader/spi_flash\libspi_flash.a(spi_flash_raw.o)
 .literal.spi_flash_erase_sector_raw
                0x00000000       0x14 C:/ESP8266/ESP8266_2018_12_04/csro/build/bootloader/spi_flash\libspi_flash.a(spi_flash_raw.o)
 .literal.spi_flash_write_raw
                0x00000000        0xc C:/ESP8266/ESP8266_2018_12_04/csro/build/bootloader/spi_flash\libspi_flash.a(spi_flash_raw.o)
 .literal.spi_flash_read_raw
                0x00000000        0xc C:/ESP8266/ESP8266_2018_12_04/csro/build/bootloader/spi_flash\libspi_flash.a(spi_flash_raw.o)
 .text          0x00000000        0x0 C:/ESP8266/ESP8266_2018_12_04/csro/build/bootloader/spi_flash\libspi_flash.a(spi_flash_raw.o)
 .data          0x00000000        0x0 C:/ESP8266/ESP8266_2018_12_04/csro/build/bootloader/spi_flash\libspi_flash.a(spi_flash_raw.o)
 .bss           0x00000000        0x0 C:/ESP8266/ESP8266_2018_12_04/csro/build/bootloader/spi_flash\libspi_flash.a(spi_flash_raw.o)
 .text.spi_flash_write_status_raw
                0x00000000       0x5c C:/ESP8266/ESP8266_2018_12_04/csro/build/bootloader/spi_flash\libspi_flash.a(spi_flash_raw.o)
 .text.spi_flash_erase_sector_raw
                0x00000000       0x54 C:/ESP8266/ESP8266_2018_12_04/csro/build/bootloader/spi_flash\libspi_flash.a(spi_flash_raw.o)
 .text.spi_flash_write_raw
                0x00000000       0x43 C:/ESP8266/ESP8266_2018_12_04/csro/build/bootloader/spi_flash\libspi_flash.a(spi_flash_raw.o)
 .text.spi_flash_read_raw
                0x00000000       0x43 C:/ESP8266/ESP8266_2018_12_04/csro/build/bootloader/spi_flash\libspi_flash.a(spi_flash_raw.o)
 .xt.lit        0x00000000       0x58 C:/ESP8266/ESP8266_2018_12_04/csro/build/bootloader/spi_flash\libspi_flash.a(spi_flash_raw.o)
 .xt.prop       0x00000000      0x360 C:/ESP8266/ESP8266_2018_12_04/csro/build/bootloader/spi_flash\libspi_flash.a(spi_flash_raw.o)
 .literal.crc16_le
                0x00000000        0x4 C:/ESP8266/ESP8266_2018_12_04/csro/build/bootloader/util\libutil.a(crc.o)
 .literal.esp_crc8
                0x00000000        0x4 C:/ESP8266/ESP8266_2018_12_04/csro/build/bootloader/util\libutil.a(crc.o)
 .text          0x00000000        0x0 C:/ESP8266/ESP8266_2018_12_04/csro/build/bootloader/util\libutil.a(crc.o)
 .data          0x00000000        0x0 C:/ESP8266/ESP8266_2018_12_04/csro/build/bootloader/util\libutil.a(crc.o)
 .bss           0x00000000        0x0 C:/ESP8266/ESP8266_2018_12_04/csro/build/bootloader/util\libutil.a(crc.o)
 .text.crc16_le
                0x00000000       0x39 C:/ESP8266/ESP8266_2018_12_04/csro/build/bootloader/util\libutil.a(crc.o)
 .text.esp_crc8
                0x00000000       0x21 C:/ESP8266/ESP8266_2018_12_04/csro/build/bootloader/util\libutil.a(crc.o)
 .rodata.crc8_le_table
                0x00000000      0x100 C:/ESP8266/ESP8266_2018_12_04/csro/build/bootloader/util\libutil.a(crc.o)
 .rodata.crc16_le_table
                0x00000000      0x200 C:/ESP8266/ESP8266_2018_12_04/csro/build/bootloader/util\libutil.a(crc.o)
 .xt.lit        0x00000000       0x18 C:/ESP8266/ESP8266_2018_12_04/csro/build/bootloader/util\libutil.a(crc.o)
 .xt.prop       0x00000000       0xfc C:/ESP8266/ESP8266_2018_12_04/csro/build/bootloader/util\libutil.a(crc.o)
 .text          0x00000000       0x4c c:/esp8266/msys32/opt/xtensa-lx106-elf/bin/../lib/gcc/xtensa-lx106-elf/5.2.0\libgcc.a(_udivsi3.o)
 .data          0x00000000        0x0 c:/esp8266/msys32/opt/xtensa-lx106-elf/bin/../lib/gcc/xtensa-lx106-elf/5.2.0\libgcc.a(_udivsi3.o)
 .bss           0x00000000        0x0 c:/esp8266/msys32/opt/xtensa-lx106-elf/bin/../lib/gcc/xtensa-lx106-elf/5.2.0\libgcc.a(_udivsi3.o)
 .xt.prop       0x00000000       0x9c c:/esp8266/msys32/opt/xtensa-lx106-elf/bin/../lib/gcc/xtensa-lx106-elf/5.2.0\libgcc.a(_udivsi3.o)
 .data          0x00000000        0x0 c:/esp8266/msys32/opt/xtensa-lx106-elf/bin/../lib/gcc/xtensa-lx106-elf/5.2.0\libgcc.a(_umodsi3.o)
 .bss           0x00000000        0x0 c:/esp8266/msys32/opt/xtensa-lx106-elf/bin/../lib/gcc/xtensa-lx106-elf/5.2.0\libgcc.a(_umodsi3.o)
 .xt.prop       0x00000000       0x78 c:/esp8266/msys32/opt/xtensa-lx106-elf/bin/../lib/gcc/xtensa-lx106-elf/5.2.0\libgcc.a(_umodsi3.o)

Memory Configuration

Name             Origin             Length             Attributes
dport0_seg       0x3ff00000         0x00000010
dram_seg         0x3ffe8000         0x00018000
iram_seg         0x40100000         0x00008000
*default*        0x00000000         0xffffffff

Linker script and memory map

START GROUP
LOAD C:/ESP8266/ESP8266_2018_12_04/csro/build/bootloader/main\libmain.a
LOAD C:/ESP8266/ESP8266_2018_12_04/csro/build/bootloader/bootloader_support\libbootloader_support.a
LOAD C:/ESP8266/ESP8266_2018_12_04/csro/build/bootloader/spi_flash\libspi_flash.a
LOAD C:/ESP8266/ESP8266_2018_12_04/csro/build/bootloader/log\liblog.a
LOAD C:/ESP8266/ESP8266_2018_12_04/csro/build/bootloader/esp8266\libesp8266.a
LOAD C:/ESP8266/ESP8266_2018_12_04/csro/build/bootloader/util\libutil.a
LOAD c:/esp8266/msys32/opt/xtensa-lx106-elf/bin/../lib/gcc/xtensa-lx106-elf/5.2.0\libgcc.a
LOAD c:/esp8266/msys32/opt/xtensa-lx106-elf/bin/../xtensa-lx106-elf/sysroot/lib\libstdc++.a
LOAD c:/esp8266/msys32/opt/xtensa-lx106-elf/bin/../lib/gcc/xtensa-lx106-elf/5.2.0\libgcov.a
END GROUP

.text           0x40100000     0x18f9
                0x40100000                _stext = .
                0x40100000                _text_start = ABSOLUTE (.)
                0x40100000                . = ALIGN (0x10)
 *(.entry.text)
 *(.init.literal)
 *(.init)
 *(.literal .text .literal.* .text.* .stub .gnu.warning .gnu.linkonce.literal.* .gnu.linkonce.t.*.literal .gnu.linkonce.t.*)
 .literal.selected_boot_partition
                0x40100000        0x0 C:/ESP8266/ESP8266_2018_12_04/csro/build/bootloader/main\libmain.a(bootloader_start.o)
                                  0x4 (size before relaxing)
 .literal.select_image
                0x40100000        0x4 C:/ESP8266/ESP8266_2018_12_04/csro/build/bootloader/main\libmain.a(bootloader_start.o)
                                 0x10 (size before relaxing)
 .literal.call_start_cpu
                0x40100004        0x0 C:/ESP8266/ESP8266_2018_12_04/csro/build/bootloader/main\libmain.a(bootloader_start.o)
                                  0xc (size before relaxing)
 .literal.try_load_partition
                0x40100004        0x0 C:/ESP8266/ESP8266_2018_12_04/csro/build/bootloader/bootloader_support\libbootloader_support.a(bootloader_utility.o)
                                  0x4 (size before relaxing)
 .literal.bootloader_utility_load_partition_table
                0x40100004        0xc C:/ESP8266/ESP8266_2018_12_04/csro/build/bootloader/bootloader_support\libbootloader_support.a(bootloader_utility.o)
                                 0x18 (size before relaxing)
 .literal.bootloader_utility_get_selected_boot_partition
                0x40100010        0x4 C:/ESP8266/ESP8266_2018_12_04/csro/build/bootloader/bootloader_support\libbootloader_support.a(bootloader_utility.o)
                                 0x28 (size before relaxing)
 .literal.bootloader_utility_load_boot_image
                0x40100014        0x0 C:/ESP8266/ESP8266_2018_12_04/csro/build/bootloader/bootloader_support\libbootloader_support.a(bootloader_utility.o)
                                 0x1c (size before relaxing)
 .literal.bootloader_utility_load_image
                0x40100014       0x10 C:/ESP8266/ESP8266_2018_12_04/csro/build/bootloader/bootloader_support\libbootloader_support.a(bootloader_utility.o)
 .literal.uart_console_configure
                0x40100024        0x4 C:/ESP8266/ESP8266_2018_12_04/csro/build/bootloader/bootloader_support\libbootloader_support.a(bootloader_init.o)
 .literal.update_flash_config
                0x40100028        0x0 C:/ESP8266/ESP8266_2018_12_04/csro/build/bootloader/bootloader_support\libbootloader_support.a(bootloader_init.o)
                                  0x4 (size before relaxing)
 .literal.bootloader_main
                0x40100028        0x0 C:/ESP8266/ESP8266_2018_12_04/csro/build/bootloader/bootloader_support\libbootloader_support.a(bootloader_init.o)
                                  0xc (size before relaxing)
 .literal.bootloader_init
                0x40100028        0x8 C:/ESP8266/ESP8266_2018_12_04/csro/build/bootloader/bootloader_support\libbootloader_support.a(bootloader_init.o)
                                 0x10 (size before relaxing)
 .literal.bootloader_flash_read_no_decrypt
                0x40100030        0x4 C:/ESP8266/ESP8266_2018_12_04/csro/build/bootloader/bootloader_support\libbootloader_support.a(bootloader_flash.o)
 .literal.bootloader_mmap
                0x40100034        0xc C:/ESP8266/ESP8266_2018_12_04/csro/build/bootloader/bootloader_support\libbootloader_support.a(bootloader_flash.o)
                                 0x1c (size before relaxing)
 .literal.bootloader_munmap
                0x40100040        0x0 C:/ESP8266/ESP8266_2018_12_04/csro/build/bootloader/bootloader_support\libbootloader_support.a(bootloader_flash.o)
                                  0x8 (size before relaxing)
 .literal.bootloader_flash_read
                0x40100040        0x0 C:/ESP8266/ESP8266_2018_12_04/csro/build/bootloader/bootloader_support\libbootloader_support.a(bootloader_flash.o)
                                  0x4 (size before relaxing)
 .literal.verify_image_header
                0x40100040        0x4 C:/ESP8266/ESP8266_2018_12_04/csro/build/bootloader/bootloader_support\libbootloader_support.a(esp_image_format.o)
 .literal.should_map
                0x40100044        0x4 C:/ESP8266/ESP8266_2018_12_04/csro/build/bootloader/bootloader_support\libbootloader_support.a(esp_image_format.o)
                                  0x8 (size before relaxing)
 .literal.should_load
                0x40100048        0x0 C:/ESP8266/ESP8266_2018_12_04/csro/build/bootloader/bootloader_support\libbootloader_support.a(esp_image_format.o)
                                  0x4 (size before relaxing)
 .literal.process_segment_data
                0x40100048        0x4 C:/ESP8266/ESP8266_2018_12_04/csro/build/bootloader/bootloader_support\libbootloader_support.a(esp_image_format.o)
                                  0xc (size before relaxing)
 .literal.verify_checksum
                0x4010004c        0x0 C:/ESP8266/ESP8266_2018_12_04/csro/build/bootloader/bootloader_support\libbootloader_support.a(esp_image_format.o)
                                  0xc (size before relaxing)
 .literal.process_segment
                0x4010004c        0x0 C:/ESP8266/ESP8266_2018_12_04/csro/build/bootloader/bootloader_support\libbootloader_support.a(esp_image_format.o)
                                 0x18 (size before relaxing)
 .literal.verify_simple_hash
                0x4010004c        0x4 C:/ESP8266/ESP8266_2018_12_04/csro/build/bootloader/bootloader_support\libbootloader_support.a(esp_image_format.o)
                                 0x10 (size before relaxing)
 .literal.esp_image_load
                0x40100050        0x4 C:/ESP8266/ESP8266_2018_12_04/csro/build/bootloader/bootloader_support\libbootloader_support.a(esp_image_format.o)
                                 0x34 (size before relaxing)
 .literal.esp_partition_table_basic_verify
                0x40100054        0xc C:/ESP8266/ESP8266_2018_12_04/csro/build/bootloader/bootloader_support\libbootloader_support.a(flash_partitions.o)
                                 0x10 (size before relaxing)
 .literal.bootloader_common_ota_select_crc
                0x40100060        0x0 C:/ESP8266/ESP8266_2018_12_04/csro/build/bootloader/bootloader_support\libbootloader_support.a(bootloader_common.o)
                                  0x4 (size before relaxing)
 .literal.bootloader_common_ota_select_valid
                0x40100060        0x0 C:/ESP8266/ESP8266_2018_12_04/csro/build/bootloader/bootloader_support\libbootloader_support.a(bootloader_common.o)
                                  0x4 (size before relaxing)
 .literal.internal_sha256_process
                0x40100060        0x4 C:/ESP8266/ESP8266_2018_12_04/csro/build/bootloader/bootloader_support\libbootloader_support.a(bootloader_sha.o)
 .literal.bootloader_sha256_start
                0x40100064       0x24 C:/ESP8266/ESP8266_2018_12_04/csro/build/bootloader/bootloader_support\libbootloader_support.a(bootloader_sha.o)
                                 0x28 (size before relaxing)
 .literal.bootloader_sha256_data
                0x40100088        0x0 C:/ESP8266/ESP8266_2018_12_04/csro/build/bootloader/bootloader_support\libbootloader_support.a(bootloader_sha.o)
                                 0x10 (size before relaxing)
 .literal.bootloader_sha256_finish
                0x40100088        0x4 C:/ESP8266/ESP8266_2018_12_04/csro/build/bootloader/bootloader_support\libbootloader_support.a(bootloader_sha.o)
                                  0xc (size before relaxing)
 .literal.spi_user_cmd
                0x4010008c        0x8 C:/ESP8266/ESP8266_2018_12_04/csro/build/bootloader/spi_flash\libspi_flash.a(spi_flash.o)
                                  0xc (size before relaxing)
 .literal.special_flash_read_status
                0x40100094        0x0 C:/ESP8266/ESP8266_2018_12_04/csro/build/bootloader/spi_flash\libspi_flash.a(spi_flash.o)
                                  0x4 (size before relaxing)
 .literal.flash_gd25q32c_read_status
                0x40100094        0x0 C:/ESP8266/ESP8266_2018_12_04/csro/build/bootloader/spi_flash\libspi_flash.a(spi_flash.o)
                                  0x4 (size before relaxing)
 .literal.special_flash_write_status
                0x40100094        0x0 C:/ESP8266/ESP8266_2018_12_04/csro/build/bootloader/spi_flash\libspi_flash.a(spi_flash.o)
                                  0x8 (size before relaxing)
 .literal.spi_flash_enable_qio_bit6
                0x40100094        0x0 C:/ESP8266/ESP8266_2018_12_04/csro/build/bootloader/spi_flash\libspi_flash.a(spi_flash.o)
                                  0x4 (size before relaxing)
 .literal.flash_gd25q32c_write_status
                0x40100094        0x0 C:/ESP8266/ESP8266_2018_12_04/csro/build/bootloader/spi_flash\libspi_flash.a(spi_flash.o)
                                  0x4 (size before relaxing)
 .literal.flash_gd25q32c_enable_QIO_mode
                0x40100094        0x0 C:/ESP8266/ESP8266_2018_12_04/csro/build/bootloader/spi_flash\libspi_flash.a(spi_flash.o)
                                  0xc (size before relaxing)
 .literal.en25q16x_read_sfdp
                0x40100094        0x4 C:/ESP8266/ESP8266_2018_12_04/csro/build/bootloader/spi_flash\libspi_flash.a(spi_flash.o)
                                  0x8 (size before relaxing)
 .literal.spi_flash_get_id
                0x40100098        0x0 C:/ESP8266/ESP8266_2018_12_04/csro/build/bootloader/spi_flash\libspi_flash.a(spi_flash.o)
                                  0xc (size before relaxing)
 .literal.spi_flash_read_status
                0x40100098        0x0 C:/ESP8266/ESP8266_2018_12_04/csro/build/bootloader/spi_flash\libspi_flash.a(spi_flash.o)
                                  0xc (size before relaxing)
 .literal.spi_flash_issi_enable_QIO_mode
                0x40100098        0x0 C:/ESP8266/ESP8266_2018_12_04/csro/build/bootloader/spi_flash\libspi_flash.a(spi_flash.o)
                                  0xc (size before relaxing)
 .literal.special_flash_set_mode
                0x40100098        0x0 C:/ESP8266/ESP8266_2018_12_04/csro/build/bootloader/spi_flash\libspi_flash.a(spi_flash.o)
                                  0x8 (size before relaxing)
 .literal.en25q16x_write_volatile_status
                0x40100098        0x0 C:/ESP8266/ESP8266_2018_12_04/csro/build/bootloader/spi_flash\libspi_flash.a(spi_flash.o)
                                 0x14 (size before relaxing)
 .literal.user_spi_flash_dio_to_qio_pre_init
                0x40100098       0x10 C:/ESP8266/ESP8266_2018_12_04/csro/build/bootloader/spi_flash\libspi_flash.a(spi_flash.o)
                                 0x34 (size before relaxing)
 .literal.esp_spi_flash_init
                0x401000a8       0x18 C:/ESP8266/ESP8266_2018_12_04/csro/build/bootloader/spi_flash\libspi_flash.a(spi_flash.o)
                                 0x1c (size before relaxing)
 .literal.Cache_Read_Disable_2
                0x401000c0        0xc C:/ESP8266/ESP8266_2018_12_04/csro/build/bootloader/spi_flash\libspi_flash.a(spi_flash_raw.o)
                                 0x10 (size before relaxing)
 .literal.Cache_Read_Enable_2
                0x401000cc        0x4 C:/ESP8266/ESP8266_2018_12_04/csro/build/bootloader/spi_flash\libspi_flash.a(spi_flash_raw.o)
                                  0xc (size before relaxing)
 .literal.spi_flash_get_id_raw
                0x401000d0       0x10 C:/ESP8266/ESP8266_2018_12_04/csro/build/bootloader/spi_flash\libspi_flash.a(spi_flash_raw.o)
                                 0x1c (size before relaxing)
 .literal.spi_flash_read_status_raw
                0x401000e0        0x4 C:/ESP8266/ESP8266_2018_12_04/csro/build/bootloader/spi_flash\libspi_flash.a(spi_flash_raw.o)
                                  0xc (size before relaxing)
 .literal.spi_flash_enable_qmode_raw
                0x401000e4        0x4 C:/ESP8266/ESP8266_2018_12_04/csro/build/bootloader/spi_flash\libspi_flash.a(spi_flash_raw.o)
                                 0x10 (size before relaxing)
 .literal.spi_user_cmd_raw
                0x401000e8       0x64 C:/ESP8266/ESP8266_2018_12_04/csro/build/bootloader/spi_flash\libspi_flash.a(spi_flash_raw.o)
                                 0x8c (size before relaxing)
 .literal.spi_flash_switch_to_qio_raw
                0x4010014c        0x8 C:/ESP8266/ESP8266_2018_12_04/csro/build/bootloader/spi_flash\libspi_flash.a(spi_flash_raw.o)
                                  0xc (size before relaxing)
 .literal.crc32_le
                0x40100154        0x4 C:/ESP8266/ESP8266_2018_12_04/csro/build/bootloader/util\libutil.a(crc.o)
 .text.selected_boot_partition
                0x40100158        0xf C:/ESP8266/ESP8266_2018_12_04/csro/build/bootloader/main\libmain.a(bootloader_start.o)
                                 0x13 (size before relaxing)
 *fill*         0x40100167        0x1 
 .text.select_image
                0x40100168       0x57 C:/ESP8266/ESP8266_2018_12_04/csro/build/bootloader/main\libmain.a(bootloader_start.o)
                                 0x63 (size before relaxing)
 *fill*         0x401001bf        0x1 
 .text.call_start_cpu
                0x401001c0       0x26 C:/ESP8266/ESP8266_2018_12_04/csro/build/bootloader/main\libmain.a(bootloader_start.o)
                                 0x2e (size before relaxing)
                0x401001c0                call_start_cpu
 *fill*         0x401001e6        0x2 
 .text.try_load_partition
                0x401001e8       0x2a C:/ESP8266/ESP8266_2018_12_04/csro/build/bootloader/bootloader_support\libbootloader_support.a(bootloader_utility.o)
 *fill*         0x40100212        0x2 
 .text.bootloader_utility_load_partition_table
                0x40100214       0xc3 C:/ESP8266/ESP8266_2018_12_04/csro/build/bootloader/bootloader_support\libbootloader_support.a(bootloader_utility.o)
                                 0xc7 (size before relaxing)
                0x40100214                bootloader_utility_load_partition_table
 *fill*         0x401002d7        0x1 
 .text.bootloader_utility_get_selected_boot_partition
                0x401002d8       0xee C:/ESP8266/ESP8266_2018_12_04/csro/build/bootloader/bootloader_support\libbootloader_support.a(bootloader_utility.o)
                                 0xf6 (size before relaxing)
                0x401002d8                bootloader_utility_get_selected_boot_partition
 *fill*         0x401003c6        0x2 
 .text.bootloader_utility_load_boot_image
                0x401003c8       0xa3 C:/ESP8266/ESP8266_2018_12_04/csro/build/bootloader/bootloader_support\libbootloader_support.a(bootloader_utility.o)
                                 0xb3 (size before relaxing)
                0x401003c8                bootloader_utility_load_boot_image
 *fill*         0x4010046b        0x1 
 .text.bootloader_utility_load_image
                0x4010046c       0x59 C:/ESP8266/ESP8266_2018_12_04/csro/build/bootloader/bootloader_support\libbootloader_support.a(bootloader_utility.o)
                0x4010046c                bootloader_utility_load_image
 *fill*         0x401004c5        0x3 
 .text.uart_console_configure
                0x401004c8       0x17 C:/ESP8266/ESP8266_2018_12_04/csro/build/bootloader/bootloader_support\libbootloader_support.a(bootloader_init.o)
 *fill*         0x401004df        0x1 
 .text.update_flash_config
                0x401004e0       0x1b C:/ESP8266/ESP8266_2018_12_04/csro/build/bootloader/bootloader_support\libbootloader_support.a(bootloader_init.o)
 *fill*         0x401004fb        0x1 
 .text.bootloader_main
                0x401004fc       0x31 C:/ESP8266/ESP8266_2018_12_04/csro/build/bootloader/bootloader_support\libbootloader_support.a(bootloader_init.o)
                                 0x39 (size before relaxing)
 *fill*         0x4010052d        0x3 
 .text.bootloader_init
                0x40100530       0x25 C:/ESP8266/ESP8266_2018_12_04/csro/build/bootloader/bootloader_support\libbootloader_support.a(bootloader_init.o)
                                 0x29 (size before relaxing)
                0x40100530                bootloader_init
 *fill*         0x40100555        0x3 
 .text.bootloader_flash_read_no_decrypt
                0x40100558       0x15 C:/ESP8266/ESP8266_2018_12_04/csro/build/bootloader/bootloader_support\libbootloader_support.a(bootloader_flash.o)
 *fill*         0x4010056d        0x3 
 .text.bootloader_mmap
                0x40100570       0x5c C:/ESP8266/ESP8266_2018_12_04/csro/build/bootloader/bootloader_support\libbootloader_support.a(bootloader_flash.o)
                0x40100570                bootloader_mmap
 .text.bootloader_munmap
                0x401005cc       0x23 C:/ESP8266/ESP8266_2018_12_04/csro/build/bootloader/bootloader_support\libbootloader_support.a(bootloader_flash.o)
                0x401005cc                bootloader_munmap
 *fill*         0x401005ef        0x1 
 .text.bootloader_flash_read
                0x401005f0       0x2f C:/ESP8266/ESP8266_2018_12_04/csro/build/bootloader/bootloader_support\libbootloader_support.a(bootloader_flash.o)
                                 0x33 (size before relaxing)
                0x401005f0                bootloader_flash_read
 *fill*         0x4010061f        0x1 
 .text.verify_image_header
                0x40100620       0x12 C:/ESP8266/ESP8266_2018_12_04/csro/build/bootloader/bootloader_support\libbootloader_support.a(esp_image_format.o)
 *fill*         0x40100632        0x2 
 .text.should_map
                0x40100634       0x15 C:/ESP8266/ESP8266_2018_12_04/csro/build/bootloader/bootloader_support\libbootloader_support.a(esp_image_format.o)
 *fill*         0x40100649        0x3 
 .text.should_load
                0x4010064c       0x19 C:/ESP8266/ESP8266_2018_12_04/csro/build/bootloader/bootloader_support\libbootloader_support.a(esp_image_format.o)
                                 0x1d (size before relaxing)
 *fill*         0x40100665        0x3 
 .text.process_segment_data
                0x40100668       0x83 C:/ESP8266/ESP8266_2018_12_04/csro/build/bootloader/bootloader_support\libbootloader_support.a(esp_image_format.o)
                                 0x87 (size before relaxing)
 *fill*         0x401006eb        0x1 
 .text.verify_checksum
                0x401006ec       0x88 C:/ESP8266/ESP8266_2018_12_04/csro/build/bootloader/bootloader_support\libbootloader_support.a(esp_image_format.o)
                                 0x8c (size before relaxing)
 .text.process_segment
                0x40100774       0xb7 C:/ESP8266/ESP8266_2018_12_04/csro/build/bootloader/bootloader_support\libbootloader_support.a(esp_image_format.o)
                                 0xbb (size before relaxing)
 *fill*         0x4010082b        0x1 
 .text.verify_simple_hash
                0x4010082c       0x52 C:/ESP8266/ESP8266_2018_12_04/csro/build/bootloader/bootloader_support\libbootloader_support.a(esp_image_format.o)
                                 0x56 (size before relaxing)
 *fill*         0x4010087e        0x2 
 .text.esp_image_load
                0x40100880      0x19c C:/ESP8266/ESP8266_2018_12_04/csro/build/bootloader/bootloader_support\libbootloader_support.a(esp_image_format.o)
                                0x1b0 (size before relaxing)
                0x40100880                esp_image_load
 .text.esp_partition_table_basic_verify
                0x40100a1c       0x8b C:/ESP8266/ESP8266_2018_12_04/csro/build/bootloader/bootloader_support\libbootloader_support.a(flash_partitions.o)
                0x40100a1c                esp_partition_table_basic_verify
 *fill*         0x40100aa7        0x1 
 .text.bootloader_common_ota_select_crc
                0x40100aa8       0x18 C:/ESP8266/ESP8266_2018_12_04/csro/build/bootloader/bootloader_support\libbootloader_support.a(bootloader_common.o)
                0x40100aa8                bootloader_common_ota_select_crc
 .text.bootloader_common_ota_select_valid
                0x40100ac0       0x2c C:/ESP8266/ESP8266_2018_12_04/csro/build/bootloader/bootloader_support\libbootloader_support.a(bootloader_common.o)
                0x40100ac0                bootloader_common_ota_select_valid
 .text.internal_sha256_process
                0x40100aec      0x17a C:/ESP8266/ESP8266_2018_12_04/csro/build/bootloader/bootloader_support\libbootloader_support.a(bootloader_sha.o)
 *fill*         0x40100c66        0x2 
 .text.bootloader_sha256_start
                0x40100c68       0x4b C:/ESP8266/ESP8266_2018_12_04/csro/build/bootloader/bootloader_support\libbootloader_support.a(bootloader_sha.o)
                0x40100c68                bootloader_sha256_start
 *fill*         0x40100cb3        0x1 
 .text.bootloader_sha256_data
                0x40100cb4       0x9d C:/ESP8266/ESP8266_2018_12_04/csro/build/bootloader/bootloader_support\libbootloader_support.a(bootloader_sha.o)
                                 0xa1 (size before relaxing)
                0x40100cb4                bootloader_sha256_data
 *fill*         0x40100d51        0x3 
 .text.bootloader_sha256_finish
                0x40100d54      0x13c C:/ESP8266/ESP8266_2018_12_04/csro/build/bootloader/bootloader_support\libbootloader_support.a(bootloader_sha.o)
                                0x140 (size before relaxing)
                0x40100d54                bootloader_sha256_finish
 .text.spi_user_cmd
                0x40100e90       0x4d C:/ESP8266/ESP8266_2018_12_04/csro/build/bootloader/spi_flash\libspi_flash.a(spi_flash.o)
                0x40100e90                spi_user_cmd
 *fill*         0x40100edd        0x3 
 .text.special_flash_read_status
                0x40100ee0       0x39 C:/ESP8266/ESP8266_2018_12_04/csro/build/bootloader/spi_flash\libspi_flash.a(spi_flash.o)
                                 0x3d (size before relaxing)
                0x40100ee0                special_flash_read_status
 *fill*         0x40100f19        0x3 
 .text.flash_gd25q32c_read_status
                0x40100f1c       0x33 C:/ESP8266/ESP8266_2018_12_04/csro/build/bootloader/spi_flash\libspi_flash.a(spi_flash.o)
 *fill*         0x40100f4f        0x1 
 .text.special_flash_write_status
                0x40100f50       0x59 C:/ESP8266/ESP8266_2018_12_04/csro/build/bootloader/spi_flash\libspi_flash.a(spi_flash.o)
                                 0x61 (size before relaxing)
                0x40100f50                special_flash_write_status
 *fill*         0x40100fa9        0x3 
 .text.spi_flash_enable_qio_bit6
                0x40100fac       0x17 C:/ESP8266/ESP8266_2018_12_04/csro/build/bootloader/spi_flash\libspi_flash.a(spi_flash.o)
                                 0x1b (size before relaxing)
 *fill*         0x40100fc3        0x1 
 .text.flash_gd25q32c_write_status
                0x40100fc4       0x30 C:/ESP8266/ESP8266_2018_12_04/csro/build/bootloader/spi_flash\libspi_flash.a(spi_flash.o)
 .text.flash_gd25q32c_enable_QIO_mode
                0x40100ff4       0x3e C:/ESP8266/ESP8266_2018_12_04/csro/build/bootloader/spi_flash\libspi_flash.a(spi_flash.o)
                                 0x46 (size before relaxing)
 *fill*         0x40101032        0x2 
 .text.en25q16x_read_sfdp
                0x40101034       0x43 C:/ESP8266/ESP8266_2018_12_04/csro/build/bootloader/spi_flash\libspi_flash.a(spi_flash.o)
                0x40101034                en25q16x_read_sfdp
 *fill*         0x40101077        0x1 
 .text.spi_flash_get_id
                0x40101078       0x26 C:/ESP8266/ESP8266_2018_12_04/csro/build/bootloader/spi_flash\libspi_flash.a(spi_flash.o)
                0x40101078                spi_flash_get_id
 *fill*         0x4010109e        0x2 
 .text.spi_flash_read_status
                0x401010a0       0x28 C:/ESP8266/ESP8266_2018_12_04/csro/build/bootloader/spi_flash\libspi_flash.a(spi_flash.o)
                0x401010a0                spi_flash_read_status
 .text.spi_flash_issi_enable_QIO_mode
                0x401010c8       0x43 C:/ESP8266/ESP8266_2018_12_04/csro/build/bootloader/spi_flash\libspi_flash.a(spi_flash.o)
                                 0x4b (size before relaxing)
 *fill*         0x4010110b        0x1 
 .text.special_flash_set_mode
                0x4010110c       0x40 C:/ESP8266/ESP8266_2018_12_04/csro/build/bootloader/spi_flash\libspi_flash.a(spi_flash.o)
                                 0x44 (size before relaxing)
                0x4010110c                special_flash_set_mode
 .text.en25q16x_write_volatile_status
                0x4010114c       0x4f C:/ESP8266/ESP8266_2018_12_04/csro/build/bootloader/spi_flash\libspi_flash.a(spi_flash.o)
                                 0x5b (size before relaxing)
                0x4010114c                en25q16x_write_volatile_status
 *fill*         0x4010119b        0x1 
 .text.user_spi_flash_dio_to_qio_pre_init
                0x4010119c       0xd1 C:/ESP8266/ESP8266_2018_12_04/csro/build/bootloader/spi_flash\libspi_flash.a(spi_flash.o)
                                 0xdd (size before relaxing)
                0x4010119c                user_spi_flash_dio_to_qio_pre_init
 *fill*         0x4010126d        0x3 
 .text.esp_spi_flash_init
                0x40101270       0xb7 C:/ESP8266/ESP8266_2018_12_04/csro/build/bootloader/spi_flash\libspi_flash.a(spi_flash.o)
                0x40101270                esp_spi_flash_init
 *fill*         0x40101327        0x1 
 .text.Cache_Read_Disable_2
                0x40101328       0x34 C:/ESP8266/ESP8266_2018_12_04/csro/build/bootloader/spi_flash\libspi_flash.a(spi_flash_raw.o)
                0x40101328                Cache_Read_Disable_2
 .text.Cache_Read_Enable_2
                0x4010135c       0x28 C:/ESP8266/ESP8266_2018_12_04/csro/build/bootloader/spi_flash\libspi_flash.a(spi_flash_raw.o)
                0x4010135c                Cache_Read_Enable_2
                0x4010135c                Cache_Read_Enable_New
 .text.spi_flash_get_id_raw
                0x40101384       0x57 C:/ESP8266/ESP8266_2018_12_04/csro/build/bootloader/spi_flash\libspi_flash.a(spi_flash_raw.o)
                0x40101384                spi_flash_get_id_raw
 *fill*         0x401013db        0x1 
 .text.spi_flash_read_status_raw
                0x401013dc       0x2f C:/ESP8266/ESP8266_2018_12_04/csro/build/bootloader/spi_flash\libspi_flash.a(spi_flash_raw.o)
                                 0x33 (size before relaxing)
                0x401013dc                spi_flash_read_status_raw
 *fill*         0x4010140b        0x1 
 .text.spi_flash_enable_qmode_raw
                0x4010140c       0x33 C:/ESP8266/ESP8266_2018_12_04/csro/build/bootloader/spi_flash\libspi_flash.a(spi_flash_raw.o)
                                 0x37 (size before relaxing)
                0x4010140c                spi_flash_enable_qmode_raw
 *fill*         0x4010143f        0x1 
 .text.spi_user_cmd_raw
                0x40101440      0x3d7 C:/ESP8266/ESP8266_2018_12_04/csro/build/bootloader/spi_flash\libspi_flash.a(spi_flash_raw.o)
                0x40101440                spi_user_cmd_raw
 *fill*         0x40101817        0x1 
 .text.spi_flash_switch_to_qio_raw
                0x40101818       0x25 C:/ESP8266/ESP8266_2018_12_04/csro/build/bootloader/spi_flash\libspi_flash.a(spi_flash_raw.o)
                0x40101818                spi_flash_switch_to_qio_raw
 *fill*         0x4010183d        0x3 
 .text.crc32_le
                0x40101840       0x2f C:/ESP8266/ESP8266_2018_12_04/csro/build/bootloader/util\libutil.a(crc.o)
                0x40101840                crc32_le
 *fill*         0x4010186f        0x0 
 *fill*         0x4010186f        0x0 
 *fill*         0x4010186f        0x1 
 .text.index_to_partition
                0x40101870       0x4b C:/ESP8266/ESP8266_2018_12_04/csro/build/bootloader/bootloader_support\libbootloader_support.a(bootloader_utility.o)
 *fill*         0x401018bb        0x0 
 *fill*         0x401018bb        0x0 
 *fill*         0x401018bb        0x0 
 *fill*         0x401018bb        0x0 
 *fill*         0x401018bb        0x0 
 *fill*         0x401018bb        0x0 
 *fill*         0x401018bb        0x0 
 *fill*         0x401018bb        0x0 
 *fill*         0x401018bb        0x0 
 *fill*         0x401018bb        0x0 
 *fill*         0x401018bb        0x0 
 *fill*         0x401018bb        0x0 
 *fill*         0x401018bb        0x0 
 *fill*         0x401018bb        0x1 
 .text.verify_segment_header
                0x401018bc        0x4 C:/ESP8266/ESP8266_2018_12_04/csro/build/bootloader/bootloader_support\libbootloader_support.a(esp_image_format.o)
 *fill*         0x401018c0        0x0 
 *fill*         0x401018c0        0x0 
 *fill*         0x401018c0        0x0 
 *fill*         0x401018c0        0x0 
 *fill*         0x401018c0        0x0 
 *fill*         0x401018c0        0x0 
 *fill*         0x401018c0        0x0 
 *fill*         0x401018c0        0x0 
 *fill*         0x401018c0        0x0 
 *fill*         0x401018c0        0x0 
 *fill*         0x401018c0        0x0 
 *fill*         0x401018c0        0x0 
 *fill*         0x401018c0        0x0 
 *fill*         0x401018c0        0x0 
 *fill*         0x401018c0        0x0 
 *fill*         0x401018c0        0x0 
 *fill*         0x401018c0        0x0 
 *fill*         0x401018c0        0x0 
 *fill*         0x401018c0        0x0 
 *fill*         0x401018c0        0x0 
 *fill*         0x401018c0        0x0 
 *fill*         0x401018c0        0x0 
 *fill*         0x401018c0        0x0 
 *fill*         0x401018c0        0x0 
 *fill*         0x401018c0        0x0 
 *fill*         0x401018c0        0x0 
 *fill*         0x401018c0        0x0 
 .text          0x401018c0       0x39 c:/esp8266/msys32/opt/xtensa-lx106-elf/bin/../lib/gcc/xtensa-lx106-elf/5.2.0\libgcc.a(_umodsi3.o)
                0x401018c0                __umodsi3
 *(.iram1 .iram1.*)
 *(.fini.literal)
 *(.fini)
 *(.gnu.version)
                0x401018f9                _text_end = ABSOLUTE (.)
                0x401018f9                _etext = .

.bss            0x3ffe8000      0x470
                0x3ffe8000                . = ALIGN (0x8)
                0x3ffe8000                _bss_start = ABSOLUTE (.)
 *(.dynsbss)
 *(.sbss)
 *(.sbss.*)
 *(.gnu.linkonce.sb.*)
 *(.scommon)
 *(.sbss2)
 *(.sbss2.*)
 *(.gnu.linkonce.sb2.*)
 *(.dynbss)
 *(.bss)
 *(.bss.*)
 .bss.mapped    0x3ffe8000        0x1 C:/ESP8266/ESP8266_2018_12_04/csro/build/bootloader/bootloader_support\libbootloader_support.a(bootloader_flash.o)
 *fill*         0x3ffe8001        0x3 
 .bss.pbuf$3384
                0x3ffe8004      0x400 C:/ESP8266/ESP8266_2018_12_04/csro/build/bootloader/bootloader_support\libbootloader_support.a(esp_image_format.o)
 .bss.s_sha256  0x3ffe8404       0x68 C:/ESP8266/ESP8266_2018_12_04/csro/build/bootloader/bootloader_support\libbootloader_support.a(bootloader_sha.o)
 .bss.FlashIsOnGoing
                0x3ffe846c        0x1 C:/ESP8266/ESP8266_2018_12_04/csro/build/bootloader/spi_flash\libspi_flash.a(spi_flash.o)
                0x3ffe846c                FlashIsOnGoing
 *(.gnu.linkonce.b.*)
 *(COMMON)
                0x3ffe8470                . = ALIGN (0x8)
 *fill*         0x3ffe846d        0x3 
                0x3ffe8470                _bss_end = ABSOLUTE (.)

.data           0x3ffe8470       0x18
                0x3ffe8470                _data_start = ABSOLUTE (.)
 *(.data)
 *(.data.*)
 .data.flashchip
                0x3ffe8470       0x18 C:/ESP8266/ESP8266_2018_12_04/csro/build/bootloader/spi_flash\libspi_flash.a(spi_flash.o)
                0x3ffe8470                flashchip
 *(.gnu.linkonce.d.*)
 *(.data1)
 *(.sdata)
 *(.sdata.*)
 *(.gnu.linkonce.s.*)
 *(.sdata2)
 *(.sdata2.*)
 *(.gnu.linkonce.s2.*)
 *(.jcr)
                0x3ffe8488                _data_end = ABSOLUTE (.)

.rodata         0x3ffe8488      0x540
                0x3ffe8488                _rodata_start = ABSOLUTE (.)
 *(.rodata)
 *(.rodata.*)
 .rodata.sha256_padding$2337
                0x3ffe8488       0x40 C:/ESP8266/ESP8266_2018_12_04/csro/build/bootloader/bootloader_support\libbootloader_support.a(bootloader_sha.o)
 .rodata.K      0x3ffe84c8      0x100 C:/ESP8266/ESP8266_2018_12_04/csro/build/bootloader/bootloader_support\libbootloader_support.a(bootloader_sha.o)
 .rodata.crc32_le_table
                0x3ffe85c8      0x400 C:/ESP8266/ESP8266_2018_12_04/csro/build/bootloader/util\libutil.a(crc.o)
 *(.gnu.linkonce.r.*)
 *(.rodata1)
                0x3ffe89c8                __XT_EXCEPTION_TABLE_ = ABSOLUTE (.)
 *(.xt_except_table)
 *(.gcc_except_table)
 *(.gnu.linkonce.e.*)
 *(.gnu.version_r)
 *(.eh_frame)
                0x3ffe89c8                . = ((. + 0x3) & 0xfffffffc)
                0x3ffe89c8                __init_array_start = ABSOLUTE (.)
 *crtbegin.o(.ctors)
 *(EXCLUDE_FILE(*crtend.o) .ctors)
 *(SORT(.ctors.*))
 *(.ctors)
                0x3ffe89c8                __init_array_end = ABSOLUTE (.)
 *crtbegin.o(.dtors)
 *(EXCLUDE_FILE(*crtend.o) .dtors)
 *(SORT(.dtors.*))
 *(.dtors)
                0x3ffe89c8                __XT_EXCEPTION_DESCS_ = ABSOLUTE (.)
 *(.xt_except_desc)
 *(.gnu.linkonce.h.*)
                0x3ffe89c8                __XT_EXCEPTION_DESCS_END__ = ABSOLUTE (.)
 *(.xt_except_desc_end)
 *(.dynamic)
 *(.gnu.version_d)
                0x3ffe89c8                _rodata_end = ABSOLUTE (.)
                0x3ffe89c8                _lit4_start = ABSOLUTE (.)
 *(*.lit4)
 *(.lit4.*)
 *(.gnu.linkonce.lit4.*)
                0x3ffe89c8                _lit4_end = ABSOLUTE (.)
                0x3ffe89c8                . = ALIGN (0x4)
                0x3ffe89c8                _heap_start = ABSOLUTE (.)
                0x400040c0                PROVIDE (SPI_sector_erase, 0x400040c0)
                0x40004174                PROVIDE (SPI_page_program, 0x40004174)
                0x400042ac                PROVIDE (SPI_read_data, 0x400042ac)
                0x400043c8                PROVIDE (SPI_read_status, 0x400043c8)
                0x40004400                PROVIDE (SPI_write_status, 0x40004400)
                0x4000443c                PROVIDE (SPI_write_enable, 0x4000443c)
                0x4000448c                PROVIDE (Wait_SPI_Idle, 0x4000448c)
                0x400044c0                PROVIDE (Enable_QMode, 0x400044c0)
                [!provide]                PROVIDE (Disable_QMode, 0x40004508)
                0x40004678                PROVIDE (Cache_Read_Enable, 0x40004678)
                0x400047f0                PROVIDE (Cache_Read_Disable, 0x400047f0)
                [!provide]                PROVIDE (lldesc_build_chain, 0x40004f40)
                [!provide]                PROVIDE (lldesc_num2link, 0x40005050)
                [!provide]                PROVIDE (lldesc_set_owner, 0x4000507c)
                [!provide]                PROVIDE (__adddf3, 0x4000c538)
                [!provide]                PROVIDE (__addsf3, 0x4000c180)
                [!provide]                PROVIDE (__divdf3, 0x4000cb94)
                [!provide]                PROVIDE (__divdi3, 0x4000ce60)
                [!provide]                PROVIDE (__divsi3, 0x4000dc88)
                [!provide]                PROVIDE (__extendsfdf2, 0x4000cdfc)
                [!provide]                PROVIDE (__fixdfsi, 0x4000ccb8)
                [!provide]                PROVIDE (__fixunsdfsi, 0x4000cd00)
                [!provide]                PROVIDE (__fixunssfsi, 0x4000c4c4)
                [!provide]                PROVIDE (__floatsidf, 0x4000e2f0)
                [!provide]                PROVIDE (__floatsisf, 0x4000e2ac)
                [!provide]                PROVIDE (__floatunsidf, 0x4000e2e8)
                [!provide]                PROVIDE (__floatunsisf, 0x4000e2a4)
                [!provide]                PROVIDE (__muldf3, 0x4000c8f0)
                [!provide]                PROVIDE (__muldi3, 0x40000650)
                [!provide]                PROVIDE (__mulsf3, 0x4000c3dc)
                [!provide]                PROVIDE (__subdf3, 0x4000c688)
                [!provide]                PROVIDE (__subsf3, 0x4000c268)
                [!provide]                PROVIDE (__truncdfsf2, 0x4000cd5c)
                [!provide]                PROVIDE (__udivdi3, 0x4000d310)
                [!provide]                PROVIDE (__udivsi3, 0x4000e21c)
                [!provide]                PROVIDE (__umoddi3, 0x4000d770)
                [!provide]                PROVIDE (__umodsi3, 0x4000e268)
                [!provide]                PROVIDE (__umulsidi3, 0x4000dcf0)
                [!provide]                PROVIDE (bzero, 0x4000de84)
                0x4000dea8                PROVIDE (memcmp, 0x4000dea8)
                0x4000df48                PROVIDE (memcpy, 0x4000df48)
                [!provide]                PROVIDE (memmove, 0x4000e04c)
                0x4000e190                PROVIDE (memset, 0x4000e190)
                [!provide]                PROVIDE (strcmp, 0x4000bdc8)
                [!provide]                PROVIDE (strcpy, 0x4000bec8)
                [!provide]                PROVIDE (strlen, 0x4000bf4c)
                [!provide]                PROVIDE (strncmp, 0x4000bfa8)
                [!provide]                PROVIDE (strncpy, 0x4000c0a0)
                [!provide]                PROVIDE (strstr, 0x4000e1e0)
                [!provide]                PROVIDE (gpio_input_get, 0x40004cf0)
                [!provide]                PROVIDE (gpio_pin_wakeup_disable, 0x40004ed4)
                [!provide]                PROVIDE (gpio_pin_wakeup_enable, 0x40004e90)
                [!provide]                PROVIDE (ets_io_vprintf, 0x40001f00)
                [!provide]                PROVIDE (ets_memcpy, 0x400018b4)
                0x40004b1c                PROVIDE (SPIRead, 0x40004b1c)
                [!provide]                PROVIDE (xthal_get_ccount, 0x4000dd38)
                0x400039d8                PROVIDE (uart_div_modify, 0x400039d8)
                [!provide]                PROVIDE (ets_io_vprintf, 0x40001f00)
OUTPUT(C:/ESP8266/ESP8266_2018_12_04/csro/build/bootloader/bootloader.elf elf32-xtensa-le)

.debug_frame    0x00000000      0x9fc
 .debug_frame   0x00000000       0x74 C:/ESP8266/ESP8266_2018_12_04/csro/build/bootloader/main\libmain.a(bootloader_start.o)
 .debug_frame   0x00000074       0xdc C:/ESP8266/ESP8266_2018_12_04/csro/build/bootloader/bootloader_support\libbootloader_support.a(bootloader_utility.o)
 .debug_frame   0x00000150       0x90 C:/ESP8266/ESP8266_2018_12_04/csro/build/bootloader/bootloader_support\libbootloader_support.a(bootloader_init.o)
 .debug_frame   0x000001e0       0xd8 C:/ESP8266/ESP8266_2018_12_04/csro/build/bootloader/bootloader_support\libbootloader_support.a(bootloader_flash.o)
 .debug_frame   0x000002b8      0x144 C:/ESP8266/ESP8266_2018_12_04/csro/build/bootloader/bootloader_support\libbootloader_support.a(esp_image_format.o)
 .debug_frame   0x000003fc       0x34 C:/ESP8266/ESP8266_2018_12_04/csro/build/bootloader/bootloader_support\libbootloader_support.a(flash_partitions.o)
 .debug_frame   0x00000430       0x50 C:/ESP8266/ESP8266_2018_12_04/csro/build/bootloader/bootloader_support\libbootloader_support.a(bootloader_common.o)
 .debug_frame   0x00000480       0xa0 C:/ESP8266/ESP8266_2018_12_04/csro/build/bootloader/bootloader_support\libbootloader_support.a(bootloader_sha.o)
 .debug_frame   0x00000520      0x330 C:/ESP8266/ESP8266_2018_12_04/csro/build/bootloader/spi_flash\libspi_flash.a(spi_flash.o)
 .debug_frame   0x00000850      0x16c C:/ESP8266/ESP8266_2018_12_04/csro/build/bootloader/spi_flash\libspi_flash.a(spi_flash_raw.o)
 .debug_frame   0x000009bc       0x40 C:/ESP8266/ESP8266_2018_12_04/csro/build/bootloader/util\libutil.a(crc.o)

.debug_info     0x00000000     0x47db
 .debug_info    0x00000000      0x489 C:/ESP8266/ESP8266_2018_12_04/csro/build/bootloader/main\libmain.a(bootloader_start.o)
 .debug_info    0x00000489      0x9dd C:/ESP8266/ESP8266_2018_12_04/csro/build/bootloader/bootloader_support\libbootloader_support.a(bootloader_utility.o)
 .debug_info    0x00000e66      0x323 C:/ESP8266/ESP8266_2018_12_04/csro/build/bootloader/bootloader_support\libbootloader_support.a(bootloader_init.o)
 .debug_info    0x00001189      0x3eb C:/ESP8266/ESP8266_2018_12_04/csro/build/bootloader/bootloader_support\libbootloader_support.a(bootloader_flash.o)
 .debug_info    0x00001574      0xc77 C:/ESP8266/ESP8266_2018_12_04/csro/build/bootloader/bootloader_support\libbootloader_support.a(esp_image_format.o)
 .debug_info    0x000021eb      0x2ef C:/ESP8266/ESP8266_2018_12_04/csro/build/bootloader/bootloader_support\libbootloader_support.a(flash_partitions.o)
 .debug_info    0x000024da      0x186 C:/ESP8266/ESP8266_2018_12_04/csro/build/bootloader/bootloader_support\libbootloader_support.a(bootloader_common.o)
 .debug_info    0x00002660      0x487 C:/ESP8266/ESP8266_2018_12_04/csro/build/bootloader/bootloader_support\libbootloader_support.a(bootloader_sha.o)
 .debug_info    0x00002ae7     0x11df C:/ESP8266/ESP8266_2018_12_04/csro/build/bootloader/spi_flash\libspi_flash.a(spi_flash.o)
 .debug_info    0x00003cc6      0x75a C:/ESP8266/ESP8266_2018_12_04/csro/build/bootloader/spi_flash\libspi_flash.a(spi_flash_raw.o)
 .debug_info    0x00004420      0x209 C:/ESP8266/ESP8266_2018_12_04/csro/build/bootloader/util\libutil.a(crc.o)
 .debug_info    0x00004629       0xd9 c:/esp8266/msys32/opt/xtensa-lx106-elf/bin/../lib/gcc/xtensa-lx106-elf/5.2.0\libgcc.a(_udivsi3.o)
 .debug_info    0x00004702       0xd9 c:/esp8266/msys32/opt/xtensa-lx106-elf/bin/../lib/gcc/xtensa-lx106-elf/5.2.0\libgcc.a(_umodsi3.o)

.debug_abbrev   0x00000000     0x11a6
 .debug_abbrev  0x00000000      0x195 C:/ESP8266/ESP8266_2018_12_04/csro/build/bootloader/main\libmain.a(bootloader_start.o)
 .debug_abbrev  0x00000195      0x22d C:/ESP8266/ESP8266_2018_12_04/csro/build/bootloader/bootloader_support\libbootloader_support.a(bootloader_utility.o)
 .debug_abbrev  0x000003c2      0x1a8 C:/ESP8266/ESP8266_2018_12_04/csro/build/bootloader/bootloader_support\libbootloader_support.a(bootloader_init.o)
 .debug_abbrev  0x0000056a      0x169 C:/ESP8266/ESP8266_2018_12_04/csro/build/bootloader/bootloader_support\libbootloader_support.a(bootloader_flash.o)
 .debug_abbrev  0x000006d3      0x1e9 C:/ESP8266/ESP8266_2018_12_04/csro/build/bootloader/bootloader_support\libbootloader_support.a(esp_image_format.o)
 .debug_abbrev  0x000008bc      0x15c C:/ESP8266/ESP8266_2018_12_04/csro/build/bootloader/bootloader_support\libbootloader_support.a(flash_partitions.o)
 .debug_abbrev  0x00000a18       0xd7 C:/ESP8266/ESP8266_2018_12_04/csro/build/bootloader/bootloader_support\libbootloader_support.a(bootloader_common.o)
 .debug_abbrev  0x00000aef      0x165 C:/ESP8266/ESP8266_2018_12_04/csro/build/bootloader/bootloader_support\libbootloader_support.a(bootloader_sha.o)
 .debug_abbrev  0x00000c54      0x2f6 C:/ESP8266/ESP8266_2018_12_04/csro/build/bootloader/spi_flash\libspi_flash.a(spi_flash.o)
 .debug_abbrev  0x00000f4a      0x185 C:/ESP8266/ESP8266_2018_12_04/csro/build/bootloader/spi_flash\libspi_flash.a(spi_flash_raw.o)
 .debug_abbrev  0x000010cf       0xaf C:/ESP8266/ESP8266_2018_12_04/csro/build/bootloader/util\libutil.a(crc.o)
 .debug_abbrev  0x0000117e       0x14 c:/esp8266/msys32/opt/xtensa-lx106-elf/bin/../lib/gcc/xtensa-lx106-elf/5.2.0\libgcc.a(_udivsi3.o)
 .debug_abbrev  0x00001192       0x14 c:/esp8266/msys32/opt/xtensa-lx106-elf/bin/../lib/gcc/xtensa-lx106-elf/5.2.0\libgcc.a(_umodsi3.o)

.debug_loc      0x00000000     0x2d7c
 .debug_loc     0x00000000       0x76 C:/ESP8266/ESP8266_2018_12_04/csro/build/bootloader/main\libmain.a(bootloader_start.o)
 .debug_loc     0x00000076      0x54e C:/ESP8266/ESP8266_2018_12_04/csro/build/bootloader/bootloader_support\libbootloader_support.a(bootloader_utility.o)
 .debug_loc     0x000005c4       0x21 C:/ESP8266/ESP8266_2018_12_04/csro/build/bootloader/bootloader_support\libbootloader_support.a(bootloader_init.o)
 .debug_loc     0x000005e5      0x2b6 C:/ESP8266/ESP8266_2018_12_04/csro/build/bootloader/bootloader_support\libbootloader_support.a(bootloader_flash.o)
 .debug_loc     0x0000089b      0x9c7 C:/ESP8266/ESP8266_2018_12_04/csro/build/bootloader/bootloader_support\libbootloader_support.a(esp_image_format.o)
 .debug_loc     0x00001262       0xcd C:/ESP8266/ESP8266_2018_12_04/csro/build/bootloader/bootloader_support\libbootloader_support.a(flash_partitions.o)
 .debug_loc     0x0000132f       0x66 C:/ESP8266/ESP8266_2018_12_04/csro/build/bootloader/bootloader_support\libbootloader_support.a(bootloader_common.o)
 .debug_loc     0x00001395      0x34b C:/ESP8266/ESP8266_2018_12_04/csro/build/bootloader/bootloader_support\libbootloader_support.a(bootloader_sha.o)
 .debug_loc     0x000016e0      0xf7c C:/ESP8266/ESP8266_2018_12_04/csro/build/bootloader/spi_flash\libspi_flash.a(spi_flash.o)
 .debug_loc     0x0000265c      0x5a0 C:/ESP8266/ESP8266_2018_12_04/csro/build/bootloader/spi_flash\libspi_flash.a(spi_flash_raw.o)
 .debug_loc     0x00002bfc      0x180 C:/ESP8266/ESP8266_2018_12_04/csro/build/bootloader/util\libutil.a(crc.o)

.debug_aranges  0x00000000      0x398
 .debug_aranges
                0x00000000       0x30 C:/ESP8266/ESP8266_2018_12_04/csro/build/bootloader/main\libmain.a(bootloader_start.o)
 .debug_aranges
                0x00000030       0x48 C:/ESP8266/ESP8266_2018_12_04/csro/build/bootloader/bootloader_support\libbootloader_support.a(bootloader_utility.o)
 .debug_aranges
                0x00000078       0x38 C:/ESP8266/ESP8266_2018_12_04/csro/build/bootloader/bootloader_support\libbootloader_support.a(bootloader_init.o)
 .debug_aranges
                0x000000b0       0x48 C:/ESP8266/ESP8266_2018_12_04/csro/build/bootloader/bootloader_support\libbootloader_support.a(bootloader_flash.o)
 .debug_aranges
                0x000000f8       0x68 C:/ESP8266/ESP8266_2018_12_04/csro/build/bootloader/bootloader_support\libbootloader_support.a(esp_image_format.o)
 .debug_aranges
                0x00000160       0x20 C:/ESP8266/ESP8266_2018_12_04/csro/build/bootloader/bootloader_support\libbootloader_support.a(flash_partitions.o)
 .debug_aranges
                0x00000180       0x28 C:/ESP8266/ESP8266_2018_12_04/csro/build/bootloader/bootloader_support\libbootloader_support.a(bootloader_common.o)
 .debug_aranges
                0x000001a8       0x38 C:/ESP8266/ESP8266_2018_12_04/csro/build/bootloader/bootloader_support\libbootloader_support.a(bootloader_sha.o)
 .debug_aranges
                0x000001e0       0xd8 C:/ESP8266/ESP8266_2018_12_04/csro/build/bootloader/spi_flash\libspi_flash.a(spi_flash.o)
 .debug_aranges
                0x000002b8       0x70 C:/ESP8266/ESP8266_2018_12_04/csro/build/bootloader/spi_flash\libspi_flash.a(spi_flash_raw.o)
 .debug_aranges
                0x00000328       0x30 C:/ESP8266/ESP8266_2018_12_04/csro/build/bootloader/util\libutil.a(crc.o)
 .debug_aranges
                0x00000358       0x20 c:/esp8266/msys32/opt/xtensa-lx106-elf/bin/../lib/gcc/xtensa-lx106-elf/5.2.0\libgcc.a(_udivsi3.o)
 .debug_aranges
                0x00000378       0x20 c:/esp8266/msys32/opt/xtensa-lx106-elf/bin/../lib/gcc/xtensa-lx106-elf/5.2.0\libgcc.a(_umodsi3.o)

.debug_ranges   0x00000000      0x3c0
 .debug_ranges  0x00000000       0x20 C:/ESP8266/ESP8266_2018_12_04/csro/build/bootloader/main\libmain.a(bootloader_start.o)
 .debug_ranges  0x00000020       0x50 C:/ESP8266/ESP8266_2018_12_04/csro/build/bootloader/bootloader_support\libbootloader_support.a(bootloader_utility.o)
 .debug_ranges  0x00000070       0x28 C:/ESP8266/ESP8266_2018_12_04/csro/build/bootloader/bootloader_support\libbootloader_support.a(bootloader_init.o)
 .debug_ranges  0x00000098       0x38 C:/ESP8266/ESP8266_2018_12_04/csro/build/bootloader/bootloader_support\libbootloader_support.a(bootloader_flash.o)
 .debug_ranges  0x000000d0       0x70 C:/ESP8266/ESP8266_2018_12_04/csro/build/bootloader/bootloader_support\libbootloader_support.a(esp_image_format.o)
 .debug_ranges  0x00000140       0x40 C:/ESP8266/ESP8266_2018_12_04/csro/build/bootloader/bootloader_support\libbootloader_support.a(flash_partitions.o)
 .debug_ranges  0x00000180       0x18 C:/ESP8266/ESP8266_2018_12_04/csro/build/bootloader/bootloader_support\libbootloader_support.a(bootloader_common.o)
 .debug_ranges  0x00000198       0x28 C:/ESP8266/ESP8266_2018_12_04/csro/build/bootloader/bootloader_support\libbootloader_support.a(bootloader_sha.o)
 .debug_ranges  0x000001c0      0x180 C:/ESP8266/ESP8266_2018_12_04/csro/build/bootloader/spi_flash\libspi_flash.a(spi_flash.o)
 .debug_ranges  0x00000340       0x60 C:/ESP8266/ESP8266_2018_12_04/csro/build/bootloader/spi_flash\libspi_flash.a(spi_flash_raw.o)
 .debug_ranges  0x000003a0       0x20 C:/ESP8266/ESP8266_2018_12_04/csro/build/bootloader/util\libutil.a(crc.o)

.debug_line     0x00000000     0x350c
 .debug_line    0x00000000      0x374 C:/ESP8266/ESP8266_2018_12_04/csro/build/bootloader/main\libmain.a(bootloader_start.o)
 .debug_line    0x00000374      0x633 C:/ESP8266/ESP8266_2018_12_04/csro/build/bootloader/bootloader_support\libbootloader_support.a(bootloader_utility.o)
 .debug_line    0x000009a7      0x347 C:/ESP8266/ESP8266_2018_12_04/csro/build/bootloader/bootloader_support\libbootloader_support.a(bootloader_init.o)
 .debug_line    0x00000cee      0x33f C:/ESP8266/ESP8266_2018_12_04/csro/build/bootloader/bootloader_support\libbootloader_support.a(bootloader_flash.o)
 .debug_line    0x0000102d      0x71b C:/ESP8266/ESP8266_2018_12_04/csro/build/bootloader/bootloader_support\libbootloader_support.a(esp_image_format.o)
 .debug_line    0x00001748      0x27d C:/ESP8266/ESP8266_2018_12_04/csro/build/bootloader/bootloader_support\libbootloader_support.a(flash_partitions.o)
 .debug_line    0x000019c5      0x200 C:/ESP8266/ESP8266_2018_12_04/csro/build/bootloader/bootloader_support\libbootloader_support.a(bootloader_common.o)
 .debug_line    0x00001bc5      0x3a5 C:/ESP8266/ESP8266_2018_12_04/csro/build/bootloader/bootloader_support\libbootloader_support.a(bootloader_sha.o)
 .debug_line    0x00001f6a      0xb98 C:/ESP8266/ESP8266_2018_12_04/csro/build/bootloader/spi_flash\libspi_flash.a(spi_flash.o)
 .debug_line    0x00002b02      0x63b C:/ESP8266/ESP8266_2018_12_04/csro/build/bootloader/spi_flash\libspi_flash.a(spi_flash_raw.o)
 .debug_line    0x0000313d      0x1c7 C:/ESP8266/ESP8266_2018_12_04/csro/build/bootloader/util\libutil.a(crc.o)
 .debug_line    0x00003304      0x11c c:/esp8266/msys32/opt/xtensa-lx106-elf/bin/../lib/gcc/xtensa-lx106-elf/5.2.0\libgcc.a(_udivsi3.o)
 .debug_line    0x00003420       0xec c:/esp8266/msys32/opt/xtensa-lx106-elf/bin/../lib/gcc/xtensa-lx106-elf/5.2.0\libgcc.a(_umodsi3.o)

.debug_str      0x00000000     0x1571
 .debug_str     0x00000000      0x44a C:/ESP8266/ESP8266_2018_12_04/csro/build/bootloader/main\libmain.a(bootloader_start.o)
                                0x4cc (size before relaxing)
 .debug_str     0x0000044a      0x267 C:/ESP8266/ESP8266_2018_12_04/csro/build/bootloader/bootloader_support\libbootloader_support.a(bootloader_utility.o)
                                0x69e (size before relaxing)
 .debug_str     0x000006b1       0xe0 C:/ESP8266/ESP8266_2018_12_04/csro/build/bootloader/bootloader_support\libbootloader_support.a(bootloader_init.o)
                                0x3ae (size before relaxing)
 .debug_str     0x00000791      0x123 C:/ESP8266/ESP8266_2018_12_04/csro/build/bootloader/bootloader_support\libbootloader_support.a(bootloader_flash.o)
                                0x379 (size before relaxing)
 .debug_str     0x000008b4      0x3e0 C:/ESP8266/ESP8266_2018_12_04/csro/build/bootloader/bootloader_support\libbootloader_support.a(esp_image_format.o)
                                0x7e8 (size before relaxing)
 .debug_str     0x00000c94       0x87 C:/ESP8266/ESP8266_2018_12_04/csro/build/bootloader/bootloader_support\libbootloader_support.a(flash_partitions.o)
                                0x33e (size before relaxing)
 .debug_str     0x00000d1b       0x7e C:/ESP8266/ESP8266_2018_12_04/csro/build/bootloader/bootloader_support\libbootloader_support.a(bootloader_common.o)
                                0x23e (size before relaxing)
 .debug_str     0x00000d99       0xf0 C:/ESP8266/ESP8266_2018_12_04/csro/build/bootloader/bootloader_support\libbootloader_support.a(bootloader_sha.o)
                                0x289 (size before relaxing)
 .debug_str     0x00000e89      0x542 C:/ESP8266/ESP8266_2018_12_04/csro/build/bootloader/spi_flash\libspi_flash.a(spi_flash.o)
                                0x73d (size before relaxing)
 .debug_str     0x000013cb      0x130 C:/ESP8266/ESP8266_2018_12_04/csro/build/bootloader/spi_flash\libspi_flash.a(spi_flash_raw.o)
                                0x4d3 (size before relaxing)
 .debug_str     0x000014fb       0x76 C:/ESP8266/ESP8266_2018_12_04/csro/build/bootloader/util\libutil.a(crc.o)
                                0x19a (size before relaxing)

.comment        0x00000000       0x3b
 .comment       0x00000000       0x3b C:/ESP8266/ESP8266_2018_12_04/csro/build/bootloader/main\libmain.a(bootloader_start.o)
                                 0x3c (size before relaxing)
 .comment       0x0000003b       0x3c C:/ESP8266/ESP8266_2018_12_04/csro/build/bootloader/bootloader_support\libbootloader_support.a(bootloader_utility.o)
 .comment       0x0000003b       0x3c C:/ESP8266/ESP8266_2018_12_04/csro/build/bootloader/bootloader_support\libbootloader_support.a(bootloader_init.o)
 .comment       0x0000003b       0x3c C:/ESP8266/ESP8266_2018_12_04/csro/build/bootloader/bootloader_support\libbootloader_support.a(bootloader_flash.o)
 .comment       0x0000003b       0x3c C:/ESP8266/ESP8266_2018_12_04/csro/build/bootloader/bootloader_support\libbootloader_support.a(esp_image_format.o)
 .comment       0x0000003b       0x3c C:/ESP8266/ESP8266_2018_12_04/csro/build/bootloader/bootloader_support\libbootloader_support.a(flash_partitions.o)
 .comment       0x0000003b       0x3c C:/ESP8266/ESP8266_2018_12_04/csro/build/bootloader/bootloader_support\libbootloader_support.a(bootloader_common.o)
 .comment       0x0000003b       0x3c C:/ESP8266/ESP8266_2018_12_04/csro/build/bootloader/bootloader_support\libbootloader_support.a(bootloader_sha.o)
 .comment       0x0000003b       0x3c C:/ESP8266/ESP8266_2018_12_04/csro/build/bootloader/spi_flash\libspi_flash.a(spi_flash.o)
 .comment       0x0000003b       0x3c C:/ESP8266/ESP8266_2018_12_04/csro/build/bootloader/spi_flash\libspi_flash.a(spi_flash_raw.o)
 .comment       0x0000003b       0x3c C:/ESP8266/ESP8266_2018_12_04/csro/build/bootloader/util\libutil.a(crc.o)

.xtensa.info    0x00000000       0x38
 .xtensa.info   0x00000000       0x38 C:/ESP8266/ESP8266_2018_12_04/csro/build/bootloader/main\libmain.a(bootloader_start.o)
 .xtensa.info   0x00000038        0x0 C:/ESP8266/ESP8266_2018_12_04/csro/build/bootloader/bootloader_support\libbootloader_support.a(bootloader_utility.o)
 .xtensa.info   0x00000038        0x0 C:/ESP8266/ESP8266_2018_12_04/csro/build/bootloader/bootloader_support\libbootloader_support.a(bootloader_init.o)
 .xtensa.info   0x00000038        0x0 C:/ESP8266/ESP8266_2018_12_04/csro/build/bootloader/bootloader_support\libbootloader_support.a(bootloader_flash.o)
 .xtensa.info   0x00000038        0x0 C:/ESP8266/ESP8266_2018_12_04/csro/build/bootloader/bootloader_support\libbootloader_support.a(esp_image_format.o)
 .xtensa.info   0x00000038        0x0 C:/ESP8266/ESP8266_2018_12_04/csro/build/bootloader/bootloader_support\libbootloader_support.a(flash_partitions.o)
 .xtensa.info   0x00000038        0x0 C:/ESP8266/ESP8266_2018_12_04/csro/build/bootloader/bootloader_support\libbootloader_support.a(bootloader_common.o)
 .xtensa.info   0x00000038        0x0 C:/ESP8266/ESP8266_2018_12_04/csro/build/bootloader/bootloader_support\libbootloader_support.a(bootloader_sha.o)
 .xtensa.info   0x00000038        0x0 C:/ESP8266/ESP8266_2018_12_04/csro/build/bootloader/spi_flash\libspi_flash.a(spi_flash.o)
 .xtensa.info   0x00000038        0x0 C:/ESP8266/ESP8266_2018_12_04/csro/build/bootloader/spi_flash\libspi_flash.a(spi_flash_raw.o)
 .xtensa.info   0x00000038        0x0 C:/ESP8266/ESP8266_2018_12_04/csro/build/bootloader/util\libutil.a(crc.o)
 .xtensa.info   0x00000038        0x0 c:/esp8266/msys32/opt/xtensa-lx106-elf/bin/../lib/gcc/xtensa-lx106-elf/5.2.0\libgcc.a(_udivsi3.o)
 .xtensa.info   0x00000038        0x0 c:/esp8266/msys32/opt/xtensa-lx106-elf/bin/../lib/gcc/xtensa-lx106-elf/5.2.0\libgcc.a(_umodsi3.o)
